// Jest Snapshot v1, https://goo.gl/fbAQLP

exports[`Settings renders correctly 1`] = `
<div>
  <a
    className="navbutton"
    href="index.html"
  >
    <i
      className="fas fa-home"
    />
  </a>
  <br />
  <section
    className="centered topSpace"
    id="options"
  >
    <label>
      Use 24-hour Time?
      <input
        id="use24HourTime"
        type="checkbox"
      />
    </label>
    <em>
      Settings are automatically saved
    </em>
  </section>
  <section
    className="centered topSpace"
    id="credits"
  >
    <ul
      className="footer__social"
    >
      <li>
        <a
          href="{{ site.githubURL }}"
        >
          <i
            aria-hidden="true"
            className="fab fa-github"
          />
        </a>
      </li>
      <li>
        <a
          href="{{ site.twitterURL }}"
        >
          <i
            aria-hidden="true"
            className="fab fa-twitter"
          />
        </a>
      </li>
      <li>
        <a
          href="{{ site.instagramURL }}"
        >
          <i
            aria-hidden="true"
            className="fab fa-instagram"
          />
        </a>
      </li>
    </ul>
    <p
      id="credits"
    >
      Created by:
       
      <a
        href="https://www.adriancedwards.com"
      >
        Adrian Edwards
      </a>
       and
      <a
        href="https://nbdeg.com/"
      >
        Nick DeGroot
      </a>
      <br />
      Idea by: 
      <a
        href="https://twitter.com/MrKumprey"
      >
        Dan Kumprey
      </a>
    </p>
  </section>
</div>
`;
